// Jest Snapshot v1, https://goo.gl/fbAQLP

exports[`Markdown should render 1`] = `
.c0 .markdown-body {
  -ms-text-size-adjust: 100%;
  -webkit-text-size-adjust: 100%;
  line-height: 1.5;
  color: rgba(0,0,0,.87);
  font-size: 16px;
  line-height: 1.5;
  word-wrap: break-word;
}

.c0 .markdown-body .pl-c {
  color: rgba(0,0,0,.54);
}

.c0 .markdown-body .pl-c1,
.c0 .markdown-body .pl-s .pl-v {
  color: #005cc5;
}

.c0 .markdown-body .pl-e,
.c0 .markdown-body .pl-en {
  color: #6f42c1;
}

.c0 .markdown-body .pl-smi,
.c0 .markdown-body .pl-s .pl-s1 {
  color: rgba(0,0,0,.87);
}

.c0 .markdown-body .pl-ent {
  color: #22863a;
}

.c0 .markdown-body .pl-k {
  color: #d73a49;
}

.c0 .markdown-body .pl-s,
.c0 .markdown-body .pl-pds,
.c0 .markdown-body .pl-s .pl-pse .pl-s1,
.c0 .markdown-body .pl-sr,
.c0 .markdown-body .pl-sr .pl-cce,
.c0 .markdown-body .pl-sr .pl-sre,
.c0 .markdown-body .pl-sr .pl-sra {
  color: #032f62;
}

.c0 .markdown-body .pl-v,
.c0 .markdown-body .pl-smw {
  color: #e36209;
}

.c0 .markdown-body .pl-bu {
  color: #b31d28;
}

.c0 .markdown-body .pl-ii {
  color: #fafbfc;
  background-color: #b31d28;
}

.c0 .markdown-body .pl-c2 {
  color: #fafbfc;
  background-color: #d73a49;
}

.c0 .markdown-body .pl-c2::before {
  content: "^M";
}

.c0 .markdown-body .pl-sr .pl-cce {
  font-weight: bold;
  color: #22863a;
}

.c0 .markdown-body .pl-ml {
  color: #735c0f;
}

.c0 .markdown-body .pl-mh,
.c0 .markdown-body .pl-mh .pl-en,
.c0 .markdown-body .pl-ms {
  font-weight: bold;
  color: #005cc5;
}

.c0 .markdown-body .pl-mi {
  font-style: italic;
  color: rgba(0,0,0,.87);
}

.c0 .markdown-body .pl-mb {
  font-weight: bold;
  color: rgba(0,0,0,.87);
}

.c0 .markdown-body .pl-md {
  color: #b31d28;
  background-color: #ffeef0;
}

.c0 .markdown-body .pl-mi1 {
  color: #22863a;
  background-color: #f0fff4;
}

.c0 .markdown-body .pl-mc {
  color: #e36209;
  background-color: #ffebda;
}

.c0 .markdown-body .pl-mi2 {
  color: #f6f8fa;
  background-color: #005cc5;
}

.c0 .markdown-body .pl-mdr {
  font-weight: bold;
  color: #6f42c1;
}

.c0 .markdown-body .pl-ba {
  color: #586069;
}

.c0 .markdown-body .pl-sg {
  color: #959da5;
}

.c0 .markdown-body .pl-corl {
  -webkit-text-decoration: underline;
  text-decoration: underline;
  color: #032f62;
}

.c0 .markdown-body .octicon {
  display: inline-block;
  vertical-align: text-top;
  fill: currentColor;
}

.c0 .markdown-body a {
  background-color: transparent;
}

.c0 .markdown-body a:active,
.c0 .markdown-body a:hover {
  outline-width: 0;
}

.c0 .markdown-body strong {
  font-weight: inherit;
}

.c0 .markdown-body strong {
  font-weight: bolder;
}

.c0 .markdown-body img {
  border-style: none;
}

.c0 .markdown-body code,
.c0 .markdown-body kbd,
.c0 .markdown-body pre {
  font-family: monospace,monospace;
  font-size: 1em;
}

.c0 .markdown-body hr {
  box-sizing: content-box;
  height: 0;
  overflow: visible;
}

.c0 .markdown-body input {
  font: inherit;
  margin: 0;
}

.c0 .markdown-body input {
  overflow: visible;
}

.c0 .markdown-body [type="checkbox"] {
  box-sizing: border-box;
  padding: 0;
}

.c0 .markdown-body * {
  box-sizing: border-box;
}

.c0 .markdown-body input {
  font-family: inherit;
  font-size: inherit;
  line-height: inherit;
}

.c0 .markdown-body a {
  color: #0366d6;
  -webkit-text-decoration: none;
  text-decoration: none;
}

.c0 .markdown-body a:hover {
  -webkit-text-decoration: underline;
  text-decoration: underline;
}

.c0 .markdown-body strong {
  font-weight: 600;
}

.c0 .markdown-body hr {
  height: 0;
  margin: 15px 0;
  overflow: hidden;
  background: transparent;
  border: 0;
  border-bottom: 1px solid #dfe2e5;
}

.c0 .markdown-body hr::before {
  display: table;
  content: "";
}

.c0 .markdown-body hr::after {
  display: table;
  clear: both;
  content: "";
}

.c0 .markdown-body table {
  border-spacing: 0;
  border-collapse: collapse;
}

.c0 .markdown-body td,
.c0 .markdown-body th {
  padding: 0;
}

.c0 .markdown-body h1,
.c0 .markdown-body h2,
.c0 .markdown-body h3,
.c0 .markdown-body h4,
.c0 .markdown-body h5,
.c0 .markdown-body h6 {
  margin-top: 0;
  margin-bottom: 0;
}

.c0 .markdown-body p {
  margin-top: 0;
  margin-bottom: 10px;
}

.c0 .markdown-body blockquote {
  margin: 0;
}

.c0 .markdown-body ul,
.c0 .markdown-body ol {
  padding-left: 0;
  margin-top: 0;
  margin-bottom: 0;
}

.c0 .markdown-body ol ol,
.c0 .markdown-body ul ol {
  list-style-type: lower-roman;
}

.c0 .markdown-body ul ul ol,
.c0 .markdown-body ul ol ol,
.c0 .markdown-body ol ul ol,
.c0 .markdown-body ol ol ol {
  list-style-type: lower-alpha;
}

.c0 .markdown-body dd {
  margin-left: 0;
}

.c0 .markdown-body code {
  font-family: "SFMono-Regular",Consolas,"Liberation Mono",Menlo,Courier,monospace;
  font-size: 12px;
}

.c0 .markdown-body pre {
  margin-top: 0;
  margin-bottom: 0;
  font-family: "SFMono-Regular",Consolas,"Liberation Mono",Menlo,Courier,monospace;
  font-size: 12px;
}

.c0 .markdown-body .octicon {
  vertical-align: text-bottom;
}

.c0 .markdown-body .pl-0 {
  padding-left: 0 !important;
}

.c0 .markdown-body .pl-1 {
  padding-left: 4px !important;
}

.c0 .markdown-body .pl-2 {
  padding-left: 8px !important;
}

.c0 .markdown-body .pl-3 {
  padding-left: 16px !important;
}

.c0 .markdown-body .pl-4 {
  padding-left: 24px !important;
}

.c0 .markdown-body .pl-5 {
  padding-left: 32px !important;
}

.c0 .markdown-body .pl-6 {
  padding-left: 40px !important;
}

.c0 .markdown-body::before {
  display: table;
  content: "";
}

.c0 .markdown-body::after {
  display: table;
  clear: both;
  content: "";
}

.c0 .markdown-body>*:first-child {
  margin-top: 0 !important;
}

.c0 .markdown-body>*:last-child {
  margin-bottom: 0 !important;
}

.c0 .markdown-body a:not([href]) {
  color: inherit;
  -webkit-text-decoration: none;
  text-decoration: none;
}

.c0 .markdown-body .anchor {
  float: left;
  padding-right: 4px;
  margin-left: -20px;
  line-height: 1;
}

.c0 .markdown-body .anchor:focus {
  outline: none;
}

.c0 .markdown-body p,
.c0 .markdown-body blockquote,
.c0 .markdown-body ul,
.c0 .markdown-body ol,
.c0 .markdown-body dl,
.c0 .markdown-body table,
.c0 .markdown-body pre {
  margin-top: 0;
  margin-bottom: 16px;
}

.c0 .markdown-body hr {
  height: 0.25em;
  padding: 0;
  margin: 24px 0;
  background-color: #e1e4e8;
  border: 0;
}

.c0 .markdown-body blockquote {
  padding: 0 1em;
  color: #6a737d;
  border-left: 0.25em solid #dfe2e5;
}

.c0 .markdown-body blockquote>:first-child {
  margin-top: 0;
}

.c0 .markdown-body blockquote>:last-child {
  margin-bottom: 0;
}

.c0 .markdown-body kbd {
  display: inline-block;
  padding: 3px 5px;
  font-size: 11px;
  line-height: 10px;
  color: #444d56;
  vertical-align: middle;
  background-color: #fafbfc;
  border: solid 1px #c6cbd1;
  border-bottom-color: #959da5;
  border-radius: 3px;
  box-shadow: inset 0 -1px 0 #959da5;
}

.c0 .markdown-body h1,
.c0 .markdown-body h2,
.c0 .markdown-body h3,
.c0 .markdown-body h4,
.c0 .markdown-body h5,
.c0 .markdown-body h6 {
  margin-top: 24px;
  margin-bottom: 16px;
  line-height: 1.25;
}

.c0 .markdown-body h1 .octicon-link,
.c0 .markdown-body h2 .octicon-link,
.c0 .markdown-body h3 .octicon-link,
.c0 .markdown-body h4 .octicon-link,
.c0 .markdown-body h5 .octicon-link,
.c0 .markdown-body h6 .octicon-link {
  color: #1b1f23;
  vertical-align: middle;
  visibility: hidden;
}

.c0 .markdown-body h1:hover .anchor,
.c0 .markdown-body h2:hover .anchor,
.c0 .markdown-body h3:hover .anchor,
.c0 .markdown-body h4:hover .anchor,
.c0 .markdown-body h5:hover .anchor,
.c0 .markdown-body h6:hover .anchor {
  -webkit-text-decoration: none;
  text-decoration: none;
}

.c0 .markdown-body h1:hover .anchor .octicon-link,
.c0 .markdown-body h2:hover .anchor .octicon-link,
.c0 .markdown-body h3:hover .anchor .octicon-link,
.c0 .markdown-body h4:hover .anchor .octicon-link,
.c0 .markdown-body h5:hover .anchor .octicon-link,
.c0 .markdown-body h6:hover .anchor .octicon-link {
  visibility: visible;
}

.c0 .markdown-body h1 {
  padding-bottom: 0.3em;
  font-size: 1.3em;
  border-bottom: 1px solid #eaecef;
}

.c0 .markdown-body h2 {
  padding-bottom: 0.3em;
  font-size: 1.15em;
  border-bottom: 1px solid #eaecef;
}

.c0 .markdown-body h3 {
  font-size: 1em;
}

.c0 .markdown-body h4 {
  font-size: 0.875em;
}

.c0 .markdown-body h5 {
  font-size: 0.85em;
}

.c0 .markdown-body h6 {
  font-size: 0.8em;
  color: #6a737d;
}

.c0 .markdown-body ul,
.c0 .markdown-body ol {
  padding-left: 2em;
}

.c0 .markdown-body ul ul,
.c0 .markdown-body ul ol,
.c0 .markdown-body ol ol,
.c0 .markdown-body ol ul {
  margin-top: 0;
  margin-bottom: 0;
}

.c0 .markdown-body li {
  word-wrap: break-all;
}

.c0 .markdown-body li>p {
  margin-top: 16px;
}

.c0 .markdown-body li+li {
  margin-top: 0.25em;
}

.c0 .markdown-body dl {
  padding: 0;
}

.c0 .markdown-body dl dt {
  padding: 0;
  margin-top: 16px;
  font-size: 1em;
  font-style: italic;
  font-weight: 600;
}

.c0 .markdown-body dl dd {
  padding: 0 16px;
  margin-bottom: 16px;
}

.c0 .markdown-body table {
  display: block;
  width: 100%;
  overflow: auto;
}

.c0 .markdown-body table th {
  font-weight: 600;
}

.c0 .markdown-body table th,
.c0 .markdown-body table td {
  padding: 6px 13px;
  border: 1px solid rgba(0,0,0,0.3);
}

.c0 .markdown-body table tr {
  background-color: #FAFAFA;
  border-top: 1px solid rgba(0,0,0,0.3);
}

.c0 .markdown-body table tr:nth-child(2n) {
  background-color: rgba(0,0,0,0.3);
}

.c0 .markdown-body img {
  max-width: 100%;
  box-sizing: content-box;
  background-color: #FAFAFA;
}

.c0 .markdown-body img[align=right] {
  padding-left: 20px;
}

.c0 .markdown-body img[align=left] {
  padding-right: 20px;
}

.c0 .markdown-body code {
  padding: 0.2em 0.4em;
  margin: 0;
  font-size: 85%;
  background-color: rgba(27,31,35,0.05);
  border-radius: 3px;
}

.c0 .markdown-body pre {
  word-wrap: normal;
}

.c0 .markdown-body pre>code {
  padding: 0;
  margin: 0;
  font-size: 100%;
  word-break: normal;
  white-space: pre;
  background: transparent;
  border: 0;
}

.c0 .markdown-body .highlight {
  margin-bottom: 16px;
}

.c0 .markdown-body .highlight pre {
  margin-bottom: 0;
  word-break: normal;
}

.c0 .markdown-body .highlight pre,
.c0 .markdown-body pre {
  padding: 16px;
  overflow: auto;
  font-size: 85%;
  line-height: 1.45;
  background-color: #F5F5F5;
  border-radius: 3px;
}

.c0 .markdown-body pre code {
  display: inline;
  max-width: auto;
  padding: 0;
  margin: 0;
  overflow: visible;
  line-height: inherit;
  word-wrap: normal;
  background-color: transparent;
  border: 0;
}

.c0 .markdown-body .full-commit .btn-outline:not(:disabled):hover {
  color: #005cc5;
  border-color: #005cc5;
}

.c0 .markdown-body kbd {
  display: inline-block;
  padding: 3px 5px;
  font: 11px "SFMono-Regular",Consolas,"Liberation Mono",Menlo,Courier,monospace;
  line-height: 10px;
  color: rgba(0,0,0,.54);
  vertical-align: middle;
  background-color: #fafbfc;
  border: solid 1px #d1d5da;
  border-bottom-color: #c6cbd1;
  border-radius: 3px;
  box-shadow: inset 0 -1px 0 #c6cbd1;
}

.c0 .markdown-body :checked+.radio-label {
  position: relative;
  z-index: 1;
  border-color: #0366d6;
}

.c0 .markdown-body .task-list-item {
  list-style-type: none;
}

.c0 .markdown-body .task-list-item+.task-list-item {
  margin-top: 3px;
}

.c0 .markdown-body .task-list-item input {
  margin: 0 0.2em 0.25em -1.6em;
  vertical-align: middle;
}

.c0 .markdown-body hr {
  border-bottom-color: #eee;
}

.c1 {
  font-size: 1rem;
  line-height: 1rem;
  position: relative;
  font-family: inherit;
  all: inherit;
}

<div
  class="c0"
>
  <div
    class="markdown-body c1"
  >
    <h1>
      Hello World
    </h1>
    

    <p>
      This is a test
    </p>
    

    <p>
      This is a 
      <strong>
        bold
      </strong>
       test
    </p>
    

    <p>
      This is a 
      <em>
        italic
      </em>
       test
    </p>
    

    <p>
      Should support inline latex 
      <span
        class="katex"
      >
        <span
          class="katex-mathml"
        >
          <math>
            <semantics>
              <mrow>
                <mn>
                  1
                </mn>
                <mo>
                  +
                </mo>
                <mn>
                  2
                </mn>
                <mo>
                  =
                </mo>
                <mn>
                  1
                </mn>
                <mn>
                  0
                </mn>
              </mrow>
              <annotation
                encoding="application/x-tex"
              >
                1 + 2 = 10
              </annotation>
            </semantics>
          </math>
        </span>
        <span
          aria-hidden="true"
          class="katex-html"
        >
          <span
            class="strut"
            style="height:0.64444em;"
          />
          <span
            class="strut bottom"
            style="height:0.72777em;vertical-align:-0.08333em;"
          />
          <span
            class="base"
          >
            <span
              class="mord"
            >
              1
            </span>
            <span
              class="mord rule"
              style="margin-right:0.2222222222222222em;"
            />
            <span
              class="mbin"
            >
              +
            </span>
            <span
              class="mord rule"
              style="margin-right:0.2222222222222222em;"
            />
            <span
              class="mord"
            >
              2
            </span>
            <span
              class="mord rule"
              style="margin-right:0.2777777777777778em;"
            />
            <span
              class="mrel"
            >
              =
            </span>
            <span
              class="mord rule"
              style="margin-right:0.2777777777777778em;"
            />
            <span
              class="mord"
            >
              1
            </span>
            <span
              class="mord"
            >
              0
            </span>
          </span>
        </span>
      </span>
    </p>
    

    <p>
      <span
        class="katex-display"
      >
        <span
          class="katex"
        >
          <span
            class="katex-mathml"
          >
            <math>
              <semantics>
                <mrow>
                  <mi>
                    x
                  </mi>
                  <mo>
                    =
                  </mo>
                  <msub>
                    <mi>
                      x
                    </mi>
                    <mn>
                      2
                    </mn>
                  </msub>
                </mrow>
                <annotation
                  encoding="application/x-tex"
                >
                  x = x_2

                </annotation>
              </semantics>
            </math>
          </span>
          <span
            aria-hidden="true"
            class="katex-html"
          >
            <span
              class="strut"
              style="height:0.43056em;"
            />
            <span
              class="strut bottom"
              style="height:0.58056em;vertical-align:-0.15em;"
            />
            <span
              class="base"
            >
              <span
                class="mord mathit"
              >
                x
              </span>
              <span
                class="mord rule"
                style="margin-right:0.2777777777777778em;"
              />
              <span
                class="mrel"
              >
                =
              </span>
              <span
                class="mord rule"
                style="margin-right:0.2777777777777778em;"
              />
              <span
                class="mord"
              >
                <span
                  class="mord mathit"
                >
                  x
                </span>
                <span
                  class="msupsub"
                >
                  <span
                    class="vlist-t vlist-t2"
                  >
                    <span
                      class="vlist-r"
                    >
                      <span
                        class="vlist"
                        style="height:0.30110799999999993em;"
                      >
                        <span
                          style="top:-2.5500000000000003em;margin-left:0em;margin-right:0.05em;"
                        >
                          <span
                            class="pstrut"
                            style="height:2.7em;"
                          />
                          <span
                            class="sizing reset-size6 size3 mtight"
                          >
                            <span
                              class="mord mtight"
                            >
                              2
                            </span>
                          </span>
                        </span>
                      </span>
                      <span
                        class="vlist-s"
                      >
                        ​
                      </span>
                    </span>
                    <span
                      class="vlist-r"
                    >
                      <span
                        class="vlist"
                        style="height:0.15em;"
                      />
                    </span>
                  </span>
                </span>
              </span>
            </span>
          </span>
        </span>
      </span>
    </p>
    

  </div>
</div>
`;
