// Jest Snapshot v1, https://goo.gl/fbAQLP

exports[`NavigationBar should render with graph and scope 1`] = `
<styled.nav>
  <styled.div>
    <styled.ul>
      <li
        key="contextApplication"
      >
        <styled.span>
          Application
        </styled.span>
      </li>
    </styled.ul>
  </styled.div>
  <styled.div />
</styled.nav>
`;

exports[`NavigationBar should render with graph and without scope 1`] = `
<styled.nav>
  <styled.div>
    <styled.ul>
      <li
        key="contextApplication"
      >
        <styled.span>
          Application
        </styled.span>
      </li>
    </styled.ul>
  </styled.div>
  <styled.div />
</styled.nav>
`;

exports[`NavigationBar should render without graph 1`] = `""`;
