// Jest Snapshot v1, https://goo.gl/fbAQLP

exports[`App should call fetch graph on mount 1`] = `
<styled.div>
  <GlobalStyleComponent />
  <React.Memo>
    <Connect(ConnectedRouterWithContext)
      createHistory={
        Object {
          "action": "POP",
          "block": [Function],
          "createHref": [Function],
          "go": [Function],
          "goBack": [Function],
          "goForward": [Function],
          "length": 1,
          "listen": [Function],
          "location": Object {
            "hash": "",
            "pathname": "/",
            "search": "",
            "state": undefined,
          },
          "push": [Function],
          "replace": [Function],
        }
      }
    >
      <Switch>
        <Route
          component={[Function]}
          path="/testing"
        />
        <Route
          component={[Function]}
          path="/load"
        />
        <Route
          component={[Function]}
          path="/:executionContext/:scope"
        />
        <Route
          component={[Function]}
          path="/:executionContext"
        />
        <Route
          component={[Function]}
          path="/"
        />
      </Switch>
    </Connect(ConnectedRouterWithContext)>
  </React.Memo>
</styled.div>
`;

exports[`App should render if graph is loaded 1`] = `
.c1 {
  height: 100vh;
  width: 100vw;
}

.c0 {
  color: rgba(0,0,0,.87);
  background: #E0E0E0;
  overflow: hidden;
}

<div
  class="c0"
>
  <div
    class="c1"
  />
</div>
`;

exports[`App should render if graph is not loaded 1`] = `
.c1 {
  height: 100vh;
  width: 100vw;
}

.c0 {
  color: rgba(0,0,0,.87);
  background: #E0E0E0;
  overflow: hidden;
}

<div
  class="c0"
>
  <div
    class="c1"
  />
</div>
`;
