// Jest Snapshot v1, https://goo.gl/fbAQLP

exports[`NoGraphMessage should render 1`] = `
.c0 {
  position: relative;
  display: -webkit-box;
  display: -webkit-flex;
  display: -ms-flexbox;
  display: flex;
  -webkit-box-pack: center;
  -webkit-justify-content: center;
  -ms-flex-pack: center;
  justify-content: center;
  -webkit-align-items: center;
  -webkit-box-align: center;
  -ms-flex-align: center;
  align-items: center;
  width: 100vw;
  height: 100vh;
  padding: 2rem;
  box-sizing: border-box;
  font-size: 2rem;
  color: #62cb85#55c67b#47c270#3eba67#39ac60#359f58#309151#2c8449#287742;
  background: #FAFAFA;
}

.c1 {
  -webkit-flex-direction: column;
  -ms-flex-direction: column;
  flex-direction: column;
  width: 100%;
  height: 100%;
  display: -webkit-box;
  display: -webkit-flex;
  display: -ms-flexbox;
  display: flex;
  -webkit-box-pack: center;
  -webkit-justify-content: center;
  -ms-flex-pack: center;
  justify-content: center;
  -webkit-align-items: center;
  -webkit-box-align: center;
  -ms-flex-align: center;
  align-items: center;
  border-radius: 5px;
}

.c1 p {
  margin-bottom: 1rem;
}

<div
  class="c0"
>
  <div
    class="c1"
  >
    <p>
      Waiting for input
      <span
        style="white-space:pre"
      >
           
      </span>
    </p>
    <p>
      Please run a Choreography with the Domain Analytics Logger
    </p>
  </div>
</div>
`;

exports[`NoGraphMessage should render with message 1`] = `
.c0 {
  position: relative;
  display: -webkit-box;
  display: -webkit-flex;
  display: -ms-flexbox;
  display: flex;
  -webkit-box-pack: center;
  -webkit-justify-content: center;
  -ms-flex-pack: center;
  justify-content: center;
  -webkit-align-items: center;
  -webkit-box-align: center;
  -ms-flex-align: center;
  align-items: center;
  width: 100vw;
  height: 100vh;
  padding: 2rem;
  box-sizing: border-box;
  font-size: 2rem;
  color: #62cb85#55c67b#47c270#3eba67#39ac60#359f58#309151#2c8449#287742;
  background: #FAFAFA;
}

.c1 {
  -webkit-flex-direction: column;
  -ms-flex-direction: column;
  flex-direction: column;
  width: 100%;
  height: 100%;
  display: -webkit-box;
  display: -webkit-flex;
  display: -ms-flexbox;
  display: flex;
  -webkit-box-pack: center;
  -webkit-justify-content: center;
  -ms-flex-pack: center;
  justify-content: center;
  -webkit-align-items: center;
  -webkit-box-align: center;
  -ms-flex-align: center;
  align-items: center;
  border-radius: 5px;
}

.c1 p {
  margin-bottom: 1rem;
}

<div
  class="c0"
>
  <div
    class="c1"
  >
    <p>
      Waiting for input
      <span
        style="white-space:pre"
      >
           
      </span>
    </p>
    <p>
      Please run a Choreography with the Domain Analytics Logger
    </p>
  </div>
</div>
`;
